#-----------------------------------------------------------
# Vivado v2022.2 (64-bit)
# SW Build 3671981 on Fri Oct 14 05:00:03 MDT 2022
# IP Build 3669848 on Fri Oct 14 08:30:02 MDT 2022
# Start of session at: Mon Nov 28 21:06:10 2022
# Process ID: 26460
# Current directory: C:/Users/mouni/OneDrive/Desktop/Lohith lab1 project_1.sim/sim_1/behav/xsim
# Command line: vivado.exe -gui_launcher_event rodinguilauncherevent18992 C:\Users\mouni\OneDrive\Desktop\Lohith lab1 project_1.sim\sim_1\behav\xsim\FOUR_BIT_ADDER_TBW_behav.wdb
# Log file: C:/Users/mouni/OneDrive/Desktop/Lohith lab1 project_1.sim/sim_1/behav/xsim/vivado.log
# Journal file: C:/Users/mouni/OneDrive/Desktop/Lohith lab1 project_1.sim/sim_1/behav/xsim\vivado.jou
# Running On: LAPTOP-9FE1E2AF, OS: Windows, CPU Frequency: 1800 MHz, CPU Physical cores: 4, Host memory: 8434 MB
#-----------------------------------------------------------start_gui
open_wave_database {C:\Users\mouni\OneDrive\Desktop\Lohith lab1 project_1.sim\sim_1\behav\xsim\FOUR_BIT_ADDER_TBW_behav.wdb}
close_sim

